#! /usr/bin/vvp
:ivl_version "12.0 (stable)";
:ivl_delay_selection "TYPICAL";
:vpi_time_precision - 11;
:vpi_module "/usr/lib/x86_64-linux-gnu/ivl/system.vpi";
:vpi_module "/usr/lib/x86_64-linux-gnu/ivl/vhdl_sys.vpi";
:vpi_module "/usr/lib/x86_64-linux-gnu/ivl/vhdl_textio.vpi";
:vpi_module "/usr/lib/x86_64-linux-gnu/ivl/v2005_math.vpi";
:vpi_module "/usr/lib/x86_64-linux-gnu/ivl/va_math.vpi";
S_0x58b340fb4e20 .scope module, "mux4_1_tb" "mux4_1_tb" 2 3;
 .timescale -9 -11;
v0x58b340fccba0_0 .var "test_a", 0 0;
v0x58b340fccc60_0 .var "test_b", 0 0;
v0x58b340fccd30_0 .var "test_c", 0 0;
v0x58b340fcce30_0 .var "test_d", 0 0;
v0x58b340fccf00_0 .net "test_out", 0 0, v0x58b340fcca20_0;  1 drivers
v0x58b340fccff0_0 .var "test_s", 1 0;
S_0x58b340fb4fb0 .scope module, "mux" "mux4_1" 2 11, 3 3 0, S_0x58b340fb4e20;
 .timescale 0 0;
    .port_info 0 /OUTPUT 1 "out";
    .port_info 1 /INPUT 1 "a";
    .port_info 2 /INPUT 1 "b";
    .port_info 3 /INPUT 1 "c";
    .port_info 4 /INPUT 1 "d";
    .port_info 5 /INPUT 2 "S";
v0x58b340f7a490_0 .net "S", 1 0, v0x58b340fccff0_0;  1 drivers
v0x58b340fcc6f0_0 .net "a", 0 0, v0x58b340fccba0_0;  1 drivers
v0x58b340fcc7b0_0 .net "b", 0 0, v0x58b340fccc60_0;  1 drivers
v0x58b340fcc850_0 .net "c", 0 0, v0x58b340fccd30_0;  1 drivers
v0x58b340fcc910_0 .net "d", 0 0, v0x58b340fcce30_0;  1 drivers
v0x58b340fcca20_0 .var "out", 0 0;
E_0x58b340fb3410/0 .event anyedge, v0x58b340f7a490_0, v0x58b340fcc910_0, v0x58b340fcc850_0, v0x58b340fcc7b0_0;
E_0x58b340fb3410/1 .event anyedge, v0x58b340fcc6f0_0;
E_0x58b340fb3410 .event/or E_0x58b340fb3410/0, E_0x58b340fb3410/1;
    .scope S_0x58b340fb4fb0;
T_0 ;
    %wait E_0x58b340fb3410;
    %load/vec4 v0x58b340f7a490_0;
    %dup/vec4;
    %pushi/vec4 0, 0, 2;
    %cmp/u;
    %jmp/1 T_0.0, 6;
    %dup/vec4;
    %pushi/vec4 1, 0, 2;
    %cmp/u;
    %jmp/1 T_0.1, 6;
    %dup/vec4;
    %pushi/vec4 2, 0, 2;
    %cmp/u;
    %jmp/1 T_0.2, 6;
    %dup/vec4;
    %pushi/vec4 3, 0, 2;
    %cmp/u;
    %jmp/1 T_0.3, 6;
    %pushi/vec4 1, 1, 1;
    %store/vec4 v0x58b340fcca20_0, 0, 1;
    %jmp T_0.5;
T_0.0 ;
    %load/vec4 v0x58b340fcc6f0_0;
    %store/vec4 v0x58b340fcca20_0, 0, 1;
    %jmp T_0.5;
T_0.1 ;
    %load/vec4 v0x58b340fcc7b0_0;
    %store/vec4 v0x58b340fcca20_0, 0, 1;
    %jmp T_0.5;
T_0.2 ;
    %load/vec4 v0x58b340fcc850_0;
    %store/vec4 v0x58b340fcca20_0, 0, 1;
    %jmp T_0.5;
T_0.3 ;
    %load/vec4 v0x58b340fcc910_0;
    %store/vec4 v0x58b340fcca20_0, 0, 1;
    %jmp T_0.5;
T_0.5 ;
    %pop/vec4 1;
    %jmp T_0;
    .thread T_0, $push;
    .scope S_0x58b340fb4e20;
T_1 ;
    %vpi_call 2 15 "$monitor", "tiempo=%0d a=%b b=%b c=%b d=%b s=%b -> out=%b", $time, v0x58b340fccba0_0, v0x58b340fccc60_0, v0x58b340fccd30_0, v0x58b340fcce30_0, v0x58b340fccff0_0, v0x58b340fccf00_0 {0 0 0};
    %vpi_call 2 16 "$dumpfile", "mux4_1.vcd" {0 0 0};
    %vpi_call 2 17 "$dumpvars" {0 0 0};
    %pushi/vec4 0, 0, 2;
    %store/vec4 v0x58b340fccff0_0, 0, 2;
    %pushi/vec4 1, 0, 1;
    %store/vec4 v0x58b340fccba0_0, 0, 1;
    %pushi/vec4 0, 0, 1;
    %store/vec4 v0x58b340fccc60_0, 0, 1;
    %pushi/vec4 0, 0, 1;
    %store/vec4 v0x58b340fccd30_0, 0, 1;
    %pushi/vec4 0, 0, 1;
    %store/vec4 v0x58b340fcce30_0, 0, 1;
    %delay 2000, 0;
    %pushi/vec4 1, 0, 2;
    %store/vec4 v0x58b340fccff0_0, 0, 2;
    %pushi/vec4 0, 0, 1;
    %store/vec4 v0x58b340fccba0_0, 0, 1;
    %pushi/vec4 1, 0, 1;
    %store/vec4 v0x58b340fccc60_0, 0, 1;
    %pushi/vec4 0, 0, 1;
    %store/vec4 v0x58b340fccd30_0, 0, 1;
    %pushi/vec4 0, 0, 1;
    %store/vec4 v0x58b340fcce30_0, 0, 1;
    %delay 2000, 0;
    %pushi/vec4 2, 0, 2;
    %store/vec4 v0x58b340fccff0_0, 0, 2;
    %pushi/vec4 0, 0, 1;
    %store/vec4 v0x58b340fccba0_0, 0, 1;
    %pushi/vec4 0, 0, 1;
    %store/vec4 v0x58b340fccc60_0, 0, 1;
    %pushi/vec4 1, 0, 1;
    %store/vec4 v0x58b340fccd30_0, 0, 1;
    %pushi/vec4 0, 0, 1;
    %store/vec4 v0x58b340fcce30_0, 0, 1;
    %delay 2000, 0;
    %pushi/vec4 3, 0, 2;
    %store/vec4 v0x58b340fccff0_0, 0, 2;
    %pushi/vec4 0, 0, 1;
    %store/vec4 v0x58b340fccba0_0, 0, 1;
    %pushi/vec4 0, 0, 1;
    %store/vec4 v0x58b340fccc60_0, 0, 1;
    %pushi/vec4 0, 0, 1;
    %store/vec4 v0x58b340fccd30_0, 0, 1;
    %pushi/vec4 1, 0, 1;
    %store/vec4 v0x58b340fcce30_0, 0, 1;
    %delay 2000, 0;
    %pushi/vec4 0, 0, 2;
    %store/vec4 v0x58b340fccff0_0, 0, 2;
    %pushi/vec4 1, 0, 1;
    %store/vec4 v0x58b340fccba0_0, 0, 1;
    %pushi/vec4 0, 0, 1;
    %store/vec4 v0x58b340fccc60_0, 0, 1;
    %pushi/vec4 0, 0, 1;
    %store/vec4 v0x58b340fccd30_0, 0, 1;
    %pushi/vec4 0, 0, 1;
    %store/vec4 v0x58b340fcce30_0, 0, 1;
    %delay 2000, 0;
    %vpi_call 2 55 "$finish" {0 0 0};
    %end;
    .thread T_1;
# The file index is used to find the file name in the following table.
:file_names 4;
    "N/A";
    "<interactive>";
    "mux4_1_tb.v";
    "mux4_1.v";
