#! /usr/bin/vvp
:ivl_version "12.0 (stable)";
:ivl_delay_selection "TYPICAL";
:vpi_time_precision - 11;
:vpi_module "/usr/lib/x86_64-linux-gnu/ivl/system.vpi";
:vpi_module "/usr/lib/x86_64-linux-gnu/ivl/vhdl_sys.vpi";
:vpi_module "/usr/lib/x86_64-linux-gnu/ivl/vhdl_textio.vpi";
:vpi_module "/usr/lib/x86_64-linux-gnu/ivl/v2005_math.vpi";
:vpi_module "/usr/lib/x86_64-linux-gnu/ivl/va_math.vpi";
S_0x55fb61241490 .scope module, "cl_tb" "cl_tb" 2 3;
 .timescale -9 -11;
v0x55fb61295250_0 .var "test_a", 0 0;
v0x55fb612952f0_0 .var "test_b", 0 0;
v0x55fb612953c0_0 .net "test_out", 0 0, v0x55fb61294ab0_0;  1 drivers
v0x55fb612954e0_0 .var "test_s", 1 0;
S_0x55fb61241620 .scope module, "cl1" "cl" 2 10, 3 4 0, S_0x55fb61241490;
 .timescale -9 -11;
    .port_info 0 /OUTPUT 1 "out";
    .port_info 1 /INPUT 1 "a";
    .port_info 2 /INPUT 1 "b";
    .port_info 3 /INPUT 2 "S";
L_0x55fb612955d0 .functor NOT 1, v0x55fb61295250_0, C4<0>, C4<0>, C4<0>;
L_0x55fb612956e0 .functor AND 1, v0x55fb61295250_0, v0x55fb612952f0_0, C4<1>, C4<1>;
L_0x55fb61295810 .functor OR 1, v0x55fb61295250_0, v0x55fb612952f0_0, C4<0>, C4<0>;
L_0x55fb612958f0 .functor XOR 1, v0x55fb61295250_0, v0x55fb612952f0_0, C4<0>, C4<0>;
v0x55fb61294c30_0 .net "S", 1 0, v0x55fb612954e0_0;  1 drivers
v0x55fb61294d10_0 .net "a", 0 0, v0x55fb61295250_0;  1 drivers
v0x55fb61294db0_0 .net "b", 0 0, v0x55fb612952f0_0;  1 drivers
v0x55fb61294e50_0 .net "out", 0 0, v0x55fb61294ab0_0;  alias, 1 drivers
v0x55fb61294ef0_0 .net "w_and", 0 0, L_0x55fb612956e0;  1 drivers
v0x55fb61294fe0_0 .net "w_not", 0 0, L_0x55fb612955d0;  1 drivers
v0x55fb61295080_0 .net "w_or", 0 0, L_0x55fb61295810;  1 drivers
v0x55fb61295150_0 .net "w_xor", 0 0, L_0x55fb612958f0;  1 drivers
S_0x55fb6127c780 .scope module, "mux" "mux4_1" 3 14, 4 3 0, S_0x55fb61241620;
 .timescale -9 -11;
    .port_info 0 /OUTPUT 1 "out";
    .port_info 1 /INPUT 1 "a";
    .port_info 2 /INPUT 1 "b";
    .port_info 3 /INPUT 1 "c";
    .port_info 4 /INPUT 1 "d";
    .port_info 5 /INPUT 2 "S";
v0x55fb6127c990_0 .net "S", 1 0, v0x55fb612954e0_0;  alias, 1 drivers
v0x55fb61294780_0 .net "a", 0 0, L_0x55fb612955d0;  alias, 1 drivers
v0x55fb61294840_0 .net "b", 0 0, L_0x55fb612956e0;  alias, 1 drivers
v0x55fb612948e0_0 .net "c", 0 0, L_0x55fb61295810;  alias, 1 drivers
v0x55fb612949a0_0 .net "d", 0 0, L_0x55fb612958f0;  alias, 1 drivers
v0x55fb61294ab0_0 .var "out", 0 0;
E_0x55fb61280470/0 .event anyedge, v0x55fb6127c990_0, v0x55fb612949a0_0, v0x55fb612948e0_0, v0x55fb61294840_0;
E_0x55fb61280470/1 .event anyedge, v0x55fb61294780_0;
E_0x55fb61280470 .event/or E_0x55fb61280470/0, E_0x55fb61280470/1;
    .scope S_0x55fb6127c780;
T_0 ;
    %wait E_0x55fb61280470;
    %load/vec4 v0x55fb6127c990_0;
    %dup/vec4;
    %pushi/vec4 0, 0, 2;
    %cmp/u;
    %jmp/1 T_0.0, 6;
    %dup/vec4;
    %pushi/vec4 1, 0, 2;
    %cmp/u;
    %jmp/1 T_0.1, 6;
    %dup/vec4;
    %pushi/vec4 2, 0, 2;
    %cmp/u;
    %jmp/1 T_0.2, 6;
    %dup/vec4;
    %pushi/vec4 3, 0, 2;
    %cmp/u;
    %jmp/1 T_0.3, 6;
    %pushi/vec4 1, 1, 1;
    %store/vec4 v0x55fb61294ab0_0, 0, 1;
    %jmp T_0.5;
T_0.0 ;
    %load/vec4 v0x55fb61294780_0;
    %store/vec4 v0x55fb61294ab0_0, 0, 1;
    %jmp T_0.5;
T_0.1 ;
    %load/vec4 v0x55fb61294840_0;
    %store/vec4 v0x55fb61294ab0_0, 0, 1;
    %jmp T_0.5;
T_0.2 ;
    %load/vec4 v0x55fb612948e0_0;
    %store/vec4 v0x55fb61294ab0_0, 0, 1;
    %jmp T_0.5;
T_0.3 ;
    %load/vec4 v0x55fb612949a0_0;
    %store/vec4 v0x55fb61294ab0_0, 0, 1;
    %jmp T_0.5;
T_0.5 ;
    %pop/vec4 1;
    %jmp T_0;
    .thread T_0, $push;
    .scope S_0x55fb61241490;
T_1 ;
    %vpi_call 2 14 "$monitor", "tiempo=%0d a=%b b=%b s=%b -> out=%b", $time, v0x55fb61295250_0, v0x55fb612952f0_0, v0x55fb612954e0_0, v0x55fb612953c0_0 {0 0 0};
    %vpi_call 2 15 "$dumpfile", "cl.vcd" {0 0 0};
    %vpi_call 2 16 "$dumpvars" {0 0 0};
    %pushi/vec4 0, 0, 2;
    %store/vec4 v0x55fb612954e0_0, 0, 2;
    %pushi/vec4 0, 0, 1;
    %store/vec4 v0x55fb61295250_0, 0, 1;
    %pushi/vec4 0, 0, 1;
    %store/vec4 v0x55fb612952f0_0, 0, 1;
    %delay 2000, 0;
    %pushi/vec4 1, 0, 2;
    %store/vec4 v0x55fb612954e0_0, 0, 2;
    %pushi/vec4 0, 0, 1;
    %store/vec4 v0x55fb61295250_0, 0, 1;
    %pushi/vec4 1, 0, 1;
    %store/vec4 v0x55fb612952f0_0, 0, 1;
    %delay 2000, 0;
    %pushi/vec4 2, 0, 2;
    %store/vec4 v0x55fb612954e0_0, 0, 2;
    %pushi/vec4 1, 0, 1;
    %store/vec4 v0x55fb61295250_0, 0, 1;
    %pushi/vec4 0, 0, 1;
    %store/vec4 v0x55fb612952f0_0, 0, 1;
    %delay 2000, 0;
    %pushi/vec4 3, 0, 2;
    %store/vec4 v0x55fb612954e0_0, 0, 2;
    %pushi/vec4 1, 0, 1;
    %store/vec4 v0x55fb61295250_0, 0, 1;
    %pushi/vec4 1, 0, 1;
    %store/vec4 v0x55fb612952f0_0, 0, 1;
    %delay 2000, 0;
    %vpi_call 2 38 "$finish" {0 0 0};
    %end;
    .thread T_1;
# The file index is used to find the file name in the following table.
:file_names 5;
    "N/A";
    "<interactive>";
    "cl_tb.v";
    "cl.v";
    "mux4_1.v";
