#! /usr/bin/vvp
:ivl_version "12.0 (stable)";
:ivl_delay_selection "TYPICAL";
:vpi_time_precision - 11;
:vpi_module "/usr/lib/x86_64-linux-gnu/ivl/system.vpi";
:vpi_module "/usr/lib/x86_64-linux-gnu/ivl/vhdl_sys.vpi";
:vpi_module "/usr/lib/x86_64-linux-gnu/ivl/vhdl_textio.vpi";
:vpi_module "/usr/lib/x86_64-linux-gnu/ivl/v2005_math.vpi";
:vpi_module "/usr/lib/x86_64-linux-gnu/ivl/va_math.vpi";
S_0x5ccfdef78260 .scope module, "ul4_tb" "ul4_tb" 2 3;
 .timescale -9 -11;
v0x5ccfdefaab00_0 .var "test_a", 3 0;
v0x5ccfdefaabe0_0 .var "test_b", 3 0;
v0x5ccfdefaacb0_0 .net "test_out", 3 0, L_0x5ccfdefac410;  1 drivers
v0x5ccfdefaadb0_0 .var "test_s", 1 0;
S_0x5ccfdef75740 .scope module, "ul1" "ul4" 2 11, 3 4 0, S_0x5ccfdef78260;
 .timescale 0 0;
    .port_info 0 /OUTPUT 4 "Out";
    .port_info 1 /INPUT 4 "A";
    .port_info 2 /INPUT 4 "B";
    .port_info 3 /INPUT 2 "S";
v0x5ccfdefaa710_0 .net "A", 3 0, v0x5ccfdefaab00_0;  1 drivers
v0x5ccfdefaa7f0_0 .net "B", 3 0, v0x5ccfdefaabe0_0;  1 drivers
v0x5ccfdefaa8d0_0 .net "Out", 3 0, L_0x5ccfdefac410;  alias, 1 drivers
v0x5ccfdefaa990_0 .net "S", 1 0, v0x5ccfdefaadb0_0;  1 drivers
L_0x5ccfdefab260 .part v0x5ccfdefaab00_0, 0, 1;
L_0x5ccfdefab300 .part v0x5ccfdefaabe0_0, 0, 1;
L_0x5ccfdefab830 .part v0x5ccfdefaab00_0, 1, 1;
L_0x5ccfdefab8d0 .part v0x5ccfdefaabe0_0, 1, 1;
L_0x5ccfdefabdb0 .part v0x5ccfdefaab00_0, 2, 1;
L_0x5ccfdefabee0 .part v0x5ccfdefaabe0_0, 2, 1;
L_0x5ccfdefac410 .concat8 [ 1 1 1 1], v0x5ccfdefa6ae0_0, v0x5ccfdefa7b70_0, v0x5ccfdefa8cb0_0, v0x5ccfdefa9eb0_0;
L_0x5ccfdefac5f0 .part v0x5ccfdefaab00_0, 3, 1;
L_0x5ccfdefac6e0 .part v0x5ccfdefaabe0_0, 3, 1;
S_0x5ccfdef81170 .scope module, "cl0" "cl" 3 5, 4 4 0, S_0x5ccfdef75740;
 .timescale -9 -11;
    .port_info 0 /OUTPUT 1 "out";
    .port_info 1 /INPUT 1 "a";
    .port_info 2 /INPUT 1 "b";
    .port_info 3 /INPUT 2 "S";
L_0x5ccfdefaae50 .functor NOT 1, L_0x5ccfdefab260, C4<0>, C4<0>, C4<0>;
L_0x5ccfdefaaf10 .functor AND 1, L_0x5ccfdefab260, L_0x5ccfdefab300, C4<1>, C4<1>;
L_0x5ccfdefab040 .functor OR 1, L_0x5ccfdefab260, L_0x5ccfdefab300, C4<0>, C4<0>;
L_0x5ccfdefab150 .functor XOR 1, L_0x5ccfdefab260, L_0x5ccfdefab300, C4<0>, C4<0>;
v0x5ccfdefa6c60_0 .net "S", 1 0, v0x5ccfdefaadb0_0;  alias, 1 drivers
v0x5ccfdefa6d40_0 .net "a", 0 0, L_0x5ccfdefab260;  1 drivers
v0x5ccfdefa6de0_0 .net "b", 0 0, L_0x5ccfdefab300;  1 drivers
v0x5ccfdefa6e80_0 .net "out", 0 0, v0x5ccfdefa6ae0_0;  1 drivers
v0x5ccfdefa6f20_0 .net "w_and", 0 0, L_0x5ccfdefaaf10;  1 drivers
v0x5ccfdefa7010_0 .net "w_not", 0 0, L_0x5ccfdefaae50;  1 drivers
v0x5ccfdefa70b0_0 .net "w_or", 0 0, L_0x5ccfdefab040;  1 drivers
v0x5ccfdefa7150_0 .net "w_xor", 0 0, L_0x5ccfdefab150;  1 drivers
S_0x5ccfdef813c0 .scope module, "mux" "mux4_1" 4 14, 5 3 0, S_0x5ccfdef81170;
 .timescale -9 -11;
    .port_info 0 /OUTPUT 1 "out";
    .port_info 1 /INPUT 1 "a";
    .port_info 2 /INPUT 1 "b";
    .port_info 3 /INPUT 1 "c";
    .port_info 4 /INPUT 1 "d";
    .port_info 5 /INPUT 2 "S";
v0x5ccfdef72860_0 .net "S", 1 0, v0x5ccfdefaadb0_0;  alias, 1 drivers
v0x5ccfdefa67b0_0 .net "a", 0 0, L_0x5ccfdefaae50;  alias, 1 drivers
v0x5ccfdefa6870_0 .net "b", 0 0, L_0x5ccfdefaaf10;  alias, 1 drivers
v0x5ccfdefa6910_0 .net "c", 0 0, L_0x5ccfdefab040;  alias, 1 drivers
v0x5ccfdefa69d0_0 .net "d", 0 0, L_0x5ccfdefab150;  alias, 1 drivers
v0x5ccfdefa6ae0_0 .var "out", 0 0;
E_0x5ccfdef84e60/0 .event anyedge, v0x5ccfdef72860_0, v0x5ccfdefa69d0_0, v0x5ccfdefa6910_0, v0x5ccfdefa6870_0;
E_0x5ccfdef84e60/1 .event anyedge, v0x5ccfdefa67b0_0;
E_0x5ccfdef84e60 .event/or E_0x5ccfdef84e60/0, E_0x5ccfdef84e60/1;
S_0x5ccfdefa71f0 .scope module, "cl1" "cl" 3 6, 4 4 0, S_0x5ccfdef75740;
 .timescale -9 -11;
    .port_info 0 /OUTPUT 1 "out";
    .port_info 1 /INPUT 1 "a";
    .port_info 2 /INPUT 1 "b";
    .port_info 3 /INPUT 2 "S";
L_0x5ccfdefab3a0 .functor NOT 1, L_0x5ccfdefab830, C4<0>, C4<0>, C4<0>;
L_0x5ccfdefab480 .functor AND 1, L_0x5ccfdefab830, L_0x5ccfdefab8d0, C4<1>, C4<1>;
L_0x5ccfdefab5b0 .functor OR 1, L_0x5ccfdefab830, L_0x5ccfdefab8d0, C4<0>, C4<0>;
L_0x5ccfdefab6c0 .functor XOR 1, L_0x5ccfdefab830, L_0x5ccfdefab8d0, C4<0>, C4<0>;
v0x5ccfdefa7cf0_0 .net "S", 1 0, v0x5ccfdefaadb0_0;  alias, 1 drivers
v0x5ccfdefa7dd0_0 .net "a", 0 0, L_0x5ccfdefab830;  1 drivers
v0x5ccfdefa7e90_0 .net "b", 0 0, L_0x5ccfdefab8d0;  1 drivers
v0x5ccfdefa7f30_0 .net "out", 0 0, v0x5ccfdefa7b70_0;  1 drivers
v0x5ccfdefa8000_0 .net "w_and", 0 0, L_0x5ccfdefab480;  1 drivers
v0x5ccfdefa80f0_0 .net "w_not", 0 0, L_0x5ccfdefab3a0;  1 drivers
v0x5ccfdefa81c0_0 .net "w_or", 0 0, L_0x5ccfdefab5b0;  1 drivers
v0x5ccfdefa8290_0 .net "w_xor", 0 0, L_0x5ccfdefab6c0;  1 drivers
S_0x5ccfdefa7440 .scope module, "mux" "mux4_1" 4 14, 5 3 0, S_0x5ccfdefa71f0;
 .timescale -9 -11;
    .port_info 0 /OUTPUT 1 "out";
    .port_info 1 /INPUT 1 "a";
    .port_info 2 /INPUT 1 "b";
    .port_info 3 /INPUT 1 "c";
    .port_info 4 /INPUT 1 "d";
    .port_info 5 /INPUT 2 "S";
v0x5ccfdefa7710_0 .net "S", 1 0, v0x5ccfdefaadb0_0;  alias, 1 drivers
v0x5ccfdefa7840_0 .net "a", 0 0, L_0x5ccfdefab3a0;  alias, 1 drivers
v0x5ccfdefa7900_0 .net "b", 0 0, L_0x5ccfdefab480;  alias, 1 drivers
v0x5ccfdefa79a0_0 .net "c", 0 0, L_0x5ccfdefab5b0;  alias, 1 drivers
v0x5ccfdefa7a60_0 .net "d", 0 0, L_0x5ccfdefab6c0;  alias, 1 drivers
v0x5ccfdefa7b70_0 .var "out", 0 0;
E_0x5ccfdef852a0/0 .event anyedge, v0x5ccfdef72860_0, v0x5ccfdefa7a60_0, v0x5ccfdefa79a0_0, v0x5ccfdefa7900_0;
E_0x5ccfdef852a0/1 .event anyedge, v0x5ccfdefa7840_0;
E_0x5ccfdef852a0 .event/or E_0x5ccfdef852a0/0, E_0x5ccfdef852a0/1;
S_0x5ccfdefa8390 .scope module, "cl2" "cl" 3 7, 4 4 0, S_0x5ccfdef75740;
 .timescale -9 -11;
    .port_info 0 /OUTPUT 1 "out";
    .port_info 1 /INPUT 1 "a";
    .port_info 2 /INPUT 1 "b";
    .port_info 3 /INPUT 2 "S";
L_0x5ccfdefaba00 .functor NOT 1, L_0x5ccfdefabdb0, C4<0>, C4<0>, C4<0>;
L_0x5ccfdefaba70 .functor AND 1, L_0x5ccfdefabdb0, L_0x5ccfdefabee0, C4<1>, C4<1>;
L_0x5ccfdefabb30 .functor OR 1, L_0x5ccfdefabdb0, L_0x5ccfdefabee0, C4<0>, C4<0>;
L_0x5ccfdefabc40 .functor XOR 1, L_0x5ccfdefabdb0, L_0x5ccfdefabee0, C4<0>, C4<0>;
v0x5ccfdefa8e70_0 .net "S", 1 0, v0x5ccfdefaadb0_0;  alias, 1 drivers
v0x5ccfdefa8f50_0 .net "a", 0 0, L_0x5ccfdefabdb0;  1 drivers
v0x5ccfdefa9010_0 .net "b", 0 0, L_0x5ccfdefabee0;  1 drivers
v0x5ccfdefa90b0_0 .net "out", 0 0, v0x5ccfdefa8cb0_0;  1 drivers
v0x5ccfdefa9180_0 .net "w_and", 0 0, L_0x5ccfdefaba70;  1 drivers
v0x5ccfdefa9270_0 .net "w_not", 0 0, L_0x5ccfdefaba00;  1 drivers
v0x5ccfdefa9340_0 .net "w_or", 0 0, L_0x5ccfdefabb30;  1 drivers
v0x5ccfdefa9410_0 .net "w_xor", 0 0, L_0x5ccfdefabc40;  1 drivers
S_0x5ccfdefa8610 .scope module, "mux" "mux4_1" 4 14, 5 3 0, S_0x5ccfdefa8390;
 .timescale -9 -11;
    .port_info 0 /OUTPUT 1 "out";
    .port_info 1 /INPUT 1 "a";
    .port_info 2 /INPUT 1 "b";
    .port_info 3 /INPUT 1 "c";
    .port_info 4 /INPUT 1 "d";
    .port_info 5 /INPUT 2 "S";
v0x5ccfdefa88c0_0 .net "S", 1 0, v0x5ccfdefaadb0_0;  alias, 1 drivers
v0x5ccfdefa89a0_0 .net "a", 0 0, L_0x5ccfdefaba00;  alias, 1 drivers
v0x5ccfdefa8a60_0 .net "b", 0 0, L_0x5ccfdefaba70;  alias, 1 drivers
v0x5ccfdefa8b30_0 .net "c", 0 0, L_0x5ccfdefabb30;  alias, 1 drivers
v0x5ccfdefa8bf0_0 .net "d", 0 0, L_0x5ccfdefabc40;  alias, 1 drivers
v0x5ccfdefa8cb0_0 .var "out", 0 0;
E_0x5ccfdef88300/0 .event anyedge, v0x5ccfdef72860_0, v0x5ccfdefa8bf0_0, v0x5ccfdefa8b30_0, v0x5ccfdefa8a60_0;
E_0x5ccfdef88300/1 .event anyedge, v0x5ccfdefa89a0_0;
E_0x5ccfdef88300 .event/or E_0x5ccfdef88300/0, E_0x5ccfdef88300/1;
S_0x5ccfdefa9510 .scope module, "cl3" "cl" 3 8, 4 4 0, S_0x5ccfdef75740;
 .timescale -9 -11;
    .port_info 0 /OUTPUT 1 "out";
    .port_info 1 /INPUT 1 "a";
    .port_info 2 /INPUT 1 "b";
    .port_info 3 /INPUT 2 "S";
L_0x5ccfdefac0e0 .functor NOT 1, L_0x5ccfdefac5f0, C4<0>, C4<0>, C4<0>;
L_0x5ccfdefac150 .functor AND 1, L_0x5ccfdefac5f0, L_0x5ccfdefac6e0, C4<1>, C4<1>;
L_0x5ccfdefac1e0 .functor OR 1, L_0x5ccfdefac5f0, L_0x5ccfdefac6e0, C4<0>, C4<0>;
L_0x5ccfdefac2a0 .functor XOR 1, L_0x5ccfdefac5f0, L_0x5ccfdefac6e0, C4<0>, C4<0>;
v0x5ccfdefaa070_0 .net "S", 1 0, v0x5ccfdefaadb0_0;  alias, 1 drivers
v0x5ccfdefaa150_0 .net "a", 0 0, L_0x5ccfdefac5f0;  1 drivers
v0x5ccfdefaa210_0 .net "b", 0 0, L_0x5ccfdefac6e0;  1 drivers
v0x5ccfdefaa2b0_0 .net "out", 0 0, v0x5ccfdefa9eb0_0;  1 drivers
v0x5ccfdefaa380_0 .net "w_and", 0 0, L_0x5ccfdefac150;  1 drivers
v0x5ccfdefaa470_0 .net "w_not", 0 0, L_0x5ccfdefac0e0;  1 drivers
v0x5ccfdefaa540_0 .net "w_or", 0 0, L_0x5ccfdefac1e0;  1 drivers
v0x5ccfdefaa610_0 .net "w_xor", 0 0, L_0x5ccfdefac2a0;  1 drivers
S_0x5ccfdefa9760 .scope module, "mux" "mux4_1" 4 14, 5 3 0, S_0x5ccfdefa9510;
 .timescale -9 -11;
    .port_info 0 /OUTPUT 1 "out";
    .port_info 1 /INPUT 1 "a";
    .port_info 2 /INPUT 1 "b";
    .port_info 3 /INPUT 1 "c";
    .port_info 4 /INPUT 1 "d";
    .port_info 5 /INPUT 2 "S";
v0x5ccfdefa9a70_0 .net "S", 1 0, v0x5ccfdefaadb0_0;  alias, 1 drivers
v0x5ccfdefa9b50_0 .net "a", 0 0, L_0x5ccfdefac0e0;  alias, 1 drivers
v0x5ccfdefa9c10_0 .net "b", 0 0, L_0x5ccfdefac150;  alias, 1 drivers
v0x5ccfdefa9ce0_0 .net "c", 0 0, L_0x5ccfdefac1e0;  alias, 1 drivers
v0x5ccfdefa9da0_0 .net "d", 0 0, L_0x5ccfdefac2a0;  alias, 1 drivers
v0x5ccfdefa9eb0_0 .var "out", 0 0;
E_0x5ccfdefa99e0/0 .event anyedge, v0x5ccfdef72860_0, v0x5ccfdefa9da0_0, v0x5ccfdefa9ce0_0, v0x5ccfdefa9c10_0;
E_0x5ccfdefa99e0/1 .event anyedge, v0x5ccfdefa9b50_0;
E_0x5ccfdefa99e0 .event/or E_0x5ccfdefa99e0/0, E_0x5ccfdefa99e0/1;
    .scope S_0x5ccfdef813c0;
T_0 ;
    %wait E_0x5ccfdef84e60;
    %load/vec4 v0x5ccfdef72860_0;
    %dup/vec4;
    %pushi/vec4 0, 0, 2;
    %cmp/u;
    %jmp/1 T_0.0, 6;
    %dup/vec4;
    %pushi/vec4 1, 0, 2;
    %cmp/u;
    %jmp/1 T_0.1, 6;
    %dup/vec4;
    %pushi/vec4 2, 0, 2;
    %cmp/u;
    %jmp/1 T_0.2, 6;
    %dup/vec4;
    %pushi/vec4 3, 0, 2;
    %cmp/u;
    %jmp/1 T_0.3, 6;
    %pushi/vec4 1, 1, 1;
    %store/vec4 v0x5ccfdefa6ae0_0, 0, 1;
    %jmp T_0.5;
T_0.0 ;
    %load/vec4 v0x5ccfdefa67b0_0;
    %store/vec4 v0x5ccfdefa6ae0_0, 0, 1;
    %jmp T_0.5;
T_0.1 ;
    %load/vec4 v0x5ccfdefa6870_0;
    %store/vec4 v0x5ccfdefa6ae0_0, 0, 1;
    %jmp T_0.5;
T_0.2 ;
    %load/vec4 v0x5ccfdefa6910_0;
    %store/vec4 v0x5ccfdefa6ae0_0, 0, 1;
    %jmp T_0.5;
T_0.3 ;
    %load/vec4 v0x5ccfdefa69d0_0;
    %store/vec4 v0x5ccfdefa6ae0_0, 0, 1;
    %jmp T_0.5;
T_0.5 ;
    %pop/vec4 1;
    %jmp T_0;
    .thread T_0, $push;
    .scope S_0x5ccfdefa7440;
T_1 ;
    %wait E_0x5ccfdef852a0;
    %load/vec4 v0x5ccfdefa7710_0;
    %dup/vec4;
    %pushi/vec4 0, 0, 2;
    %cmp/u;
    %jmp/1 T_1.0, 6;
    %dup/vec4;
    %pushi/vec4 1, 0, 2;
    %cmp/u;
    %jmp/1 T_1.1, 6;
    %dup/vec4;
    %pushi/vec4 2, 0, 2;
    %cmp/u;
    %jmp/1 T_1.2, 6;
    %dup/vec4;
    %pushi/vec4 3, 0, 2;
    %cmp/u;
    %jmp/1 T_1.3, 6;
    %pushi/vec4 1, 1, 1;
    %store/vec4 v0x5ccfdefa7b70_0, 0, 1;
    %jmp T_1.5;
T_1.0 ;
    %load/vec4 v0x5ccfdefa7840_0;
    %store/vec4 v0x5ccfdefa7b70_0, 0, 1;
    %jmp T_1.5;
T_1.1 ;
    %load/vec4 v0x5ccfdefa7900_0;
    %store/vec4 v0x5ccfdefa7b70_0, 0, 1;
    %jmp T_1.5;
T_1.2 ;
    %load/vec4 v0x5ccfdefa79a0_0;
    %store/vec4 v0x5ccfdefa7b70_0, 0, 1;
    %jmp T_1.5;
T_1.3 ;
    %load/vec4 v0x5ccfdefa7a60_0;
    %store/vec4 v0x5ccfdefa7b70_0, 0, 1;
    %jmp T_1.5;
T_1.5 ;
    %pop/vec4 1;
    %jmp T_1;
    .thread T_1, $push;
    .scope S_0x5ccfdefa8610;
T_2 ;
    %wait E_0x5ccfdef88300;
    %load/vec4 v0x5ccfdefa88c0_0;
    %dup/vec4;
    %pushi/vec4 0, 0, 2;
    %cmp/u;
    %jmp/1 T_2.0, 6;
    %dup/vec4;
    %pushi/vec4 1, 0, 2;
    %cmp/u;
    %jmp/1 T_2.1, 6;
    %dup/vec4;
    %pushi/vec4 2, 0, 2;
    %cmp/u;
    %jmp/1 T_2.2, 6;
    %dup/vec4;
    %pushi/vec4 3, 0, 2;
    %cmp/u;
    %jmp/1 T_2.3, 6;
    %pushi/vec4 1, 1, 1;
    %store/vec4 v0x5ccfdefa8cb0_0, 0, 1;
    %jmp T_2.5;
T_2.0 ;
    %load/vec4 v0x5ccfdefa89a0_0;
    %store/vec4 v0x5ccfdefa8cb0_0, 0, 1;
    %jmp T_2.5;
T_2.1 ;
    %load/vec4 v0x5ccfdefa8a60_0;
    %store/vec4 v0x5ccfdefa8cb0_0, 0, 1;
    %jmp T_2.5;
T_2.2 ;
    %load/vec4 v0x5ccfdefa8b30_0;
    %store/vec4 v0x5ccfdefa8cb0_0, 0, 1;
    %jmp T_2.5;
T_2.3 ;
    %load/vec4 v0x5ccfdefa8bf0_0;
    %store/vec4 v0x5ccfdefa8cb0_0, 0, 1;
    %jmp T_2.5;
T_2.5 ;
    %pop/vec4 1;
    %jmp T_2;
    .thread T_2, $push;
    .scope S_0x5ccfdefa9760;
T_3 ;
    %wait E_0x5ccfdefa99e0;
    %load/vec4 v0x5ccfdefa9a70_0;
    %dup/vec4;
    %pushi/vec4 0, 0, 2;
    %cmp/u;
    %jmp/1 T_3.0, 6;
    %dup/vec4;
    %pushi/vec4 1, 0, 2;
    %cmp/u;
    %jmp/1 T_3.1, 6;
    %dup/vec4;
    %pushi/vec4 2, 0, 2;
    %cmp/u;
    %jmp/1 T_3.2, 6;
    %dup/vec4;
    %pushi/vec4 3, 0, 2;
    %cmp/u;
    %jmp/1 T_3.3, 6;
    %pushi/vec4 1, 1, 1;
    %store/vec4 v0x5ccfdefa9eb0_0, 0, 1;
    %jmp T_3.5;
T_3.0 ;
    %load/vec4 v0x5ccfdefa9b50_0;
    %store/vec4 v0x5ccfdefa9eb0_0, 0, 1;
    %jmp T_3.5;
T_3.1 ;
    %load/vec4 v0x5ccfdefa9c10_0;
    %store/vec4 v0x5ccfdefa9eb0_0, 0, 1;
    %jmp T_3.5;
T_3.2 ;
    %load/vec4 v0x5ccfdefa9ce0_0;
    %store/vec4 v0x5ccfdefa9eb0_0, 0, 1;
    %jmp T_3.5;
T_3.3 ;
    %load/vec4 v0x5ccfdefa9da0_0;
    %store/vec4 v0x5ccfdefa9eb0_0, 0, 1;
    %jmp T_3.5;
T_3.5 ;
    %pop/vec4 1;
    %jmp T_3;
    .thread T_3, $push;
    .scope S_0x5ccfdef78260;
T_4 ;
    %vpi_call 2 15 "$monitor", "tiempo=%0d a=%b b=%b s=%b -> out=%b", $time, v0x5ccfdefaab00_0, v0x5ccfdefaabe0_0, v0x5ccfdefaadb0_0, v0x5ccfdefaacb0_0 {0 0 0};
    %vpi_call 2 16 "$dumpfile", "ul4.vcd" {0 0 0};
    %vpi_call 2 17 "$dumpvars" {0 0 0};
    %pushi/vec4 0, 0, 2;
    %store/vec4 v0x5ccfdefaadb0_0, 0, 2;
    %pushi/vec4 0, 0, 4;
    %store/vec4 v0x5ccfdefaab00_0, 0, 4;
    %pushi/vec4 0, 0, 4;
    %store/vec4 v0x5ccfdefaabe0_0, 0, 4;
    %delay 2000, 0;
    %pushi/vec4 1, 0, 2;
    %store/vec4 v0x5ccfdefaadb0_0, 0, 2;
    %pushi/vec4 0, 0, 4;
    %store/vec4 v0x5ccfdefaab00_0, 0, 4;
    %pushi/vec4 1, 0, 4;
    %store/vec4 v0x5ccfdefaabe0_0, 0, 4;
    %delay 2000, 0;
    %pushi/vec4 2, 0, 2;
    %store/vec4 v0x5ccfdefaadb0_0, 0, 2;
    %pushi/vec4 1, 0, 4;
    %store/vec4 v0x5ccfdefaab00_0, 0, 4;
    %pushi/vec4 0, 0, 4;
    %store/vec4 v0x5ccfdefaabe0_0, 0, 4;
    %delay 2000, 0;
    %pushi/vec4 3, 0, 2;
    %store/vec4 v0x5ccfdefaadb0_0, 0, 2;
    %pushi/vec4 1, 0, 4;
    %store/vec4 v0x5ccfdefaab00_0, 0, 4;
    %pushi/vec4 1, 0, 4;
    %store/vec4 v0x5ccfdefaabe0_0, 0, 4;
    %delay 2000, 0;
    %pushi/vec4 0, 0, 2;
    %store/vec4 v0x5ccfdefaadb0_0, 0, 2;
    %pushi/vec4 2, 0, 4;
    %store/vec4 v0x5ccfdefaab00_0, 0, 4;
    %pushi/vec4 0, 0, 4;
    %store/vec4 v0x5ccfdefaabe0_0, 0, 4;
    %delay 2000, 0;
    %vpi_call 2 45 "$finish" {0 0 0};
    %end;
    .thread T_4;
# The file index is used to find the file name in the following table.
:file_names 6;
    "N/A";
    "<interactive>";
    "ul4_tb.v";
    "ul4.v";
    "cl.v";
    "mux4_1.v";
